{
    "Should run trimmomatic on input fastq files": {
        "content": [
            {
                "0": [
                    [
                        "phix-m",
                        "phix-m_trim_R1.fastq:md5,0772e0ad75f321e8b478fd7d4a8e4248",
                        "phix-m_trim_R2.fastq:md5,d069fdf6066ba6d941ed2ffee4b79640"
                    ]
                ]
            }
        ],
        "meta": {
            "nf-test": "0.9.2",
            "nextflow": "25.04.2"
        },
        "timestamp": "2025-06-02T23:31:58.785781745"
    }
}