{
    "Should maps reads to reference genome": {
        "content": [
            {
                "0": [
                    [
                        "tinyreads",
                        "tinyreads.bam:md5,48100a95c6836316872ed70cb50a39e2"
                    ]
                ]
            }
        ],
        "meta": {
            "nf-test": "0.9.2",
            "nextflow": "25.04.2"
        },
        "timestamp": "2025-05-27T21:50:19.803221393"
    }
}