{
    "Test integration (especially combining multiple samples)": {
        "content": [
            {
                "published": [
                    "combine_tests_AssignedClade_15Aug25.csv",
                    "combine_tests_FinalOut_15Aug25.csv"
                ],
                "heads": {
                    "combine_tests_AssignedClade_15Aug25.csv": [
                        "        Sample     flag     group  ...  mismatches  nocoverage  anomolous",
                        "0  phix-m_S800  Outlier     B1-11  ...         0.0       100.0        0.0",
                        "1  phix-m_S800  Outlier     B2-11  ...         0.0       100.0        0.0",
                        "2  phix-m_S800  Outlier     B3-11  ...         0.0       100.0        0.0",
                        "3  phix-m_S800  Outlier     B4-11  ...         0.0       100.0        0.0"
                    ],
                    "combine_tests_FinalOut_15Aug25.csv": [
                        "Sample,GenomeCov,MeanDepth,NumRawReads,pcMapped,Outcome,flag,group,CSSTested,matches,mismatches,noCoverage,anomalous,Ncount,ResultLoc,ID,TotalReads,Abundance",
                        "phix-m_S800,NA,0,1600,0,InsufficientData,LowCoverage,NA,NA,NA,NA,NA,NA,4349904.0,/home/guyoldrieve/git/btb-seq/.nf-test/out/Results_/home/guyoldrieve/git/btb-seq/.nf-test/out_15Aug25/,Negative,0,0",
                        "phix-m_S900,NA,0,1600,0,InsufficientData,LowCoverage,NA,NA,NA,NA,NA,NA,NA,NA,Negative,0,0",
                        "# Operator: UnknownUser",
                        "# btb-seq commit: null"
                    ]
                }
            }
        ],
        "meta": {
            "nf-test": "0.9.2",
            "nextflow": "25.04.6"
        },
        "timestamp": "2025-08-15T10:21:24.389086417"
    }
}